../Core/Src/main.c:305:5:CALC_B64_LEN	16	static
../Core/Src/main.c:310:5:ArchBufferOccupied	16	static
../Core/Src/main.c:326:5:ArchPutData	40	static
../Core/Src/main.c:358:5:ArchGetData	16	static
../Core/Src/main.c:378:5:ArchGetDataAtIndex	32	static
../Core/Src/main.c:407:5:PutQueueRequest	24	static
../Core/Src/main.c:433:5:GetQueueRequest	16	static
../Core/Src/main.c:461:5:CircularBufferPutChar	24	static
../Core/Src/main.c:495:5:CircularBufferGetChar	16	static
../Core/Src/main.c:523:5:CircularBufferHasData	16	static
../Core/Src/main.c:546:5:CircularBufferOccupied	16	static
../Core/Src/main.c:554:5:CircularBufferOccupiedRequestArch	16	static
../Core/Src/main.c:596:6:Base64Encode	96	static
../Core/Src/main.c:701:10:ComputeCRC16	24	static
../Core/Src/main.c:762:6:ClearAndResetState	16	static
../Core/Src/main.c:783:6:HexToAscii	32	static
../Core/Src/main.c:797:5:CheckCommandChar	24	static
../Core/Src/main.c:808:6:ProcessTxBuffer	16	static,ignoring_inline_asm
../Core/Src/main.c:855:5:my_isxdigit	16	static
../Core/Src/main.c:870:5:my_isalnum	16	static
../Core/Src/main.c:886:5:QueueFrameForSending	152	static
../Core/Src/main.c:965:5:Base64Decode	448	static
../Core/Src/main.c:1306:6:SimulateSensorResponse	208	static
../Core/Src/main.c:1477:9:my_toupper	16	static
../Core/Src/main.c:1488:6:AHT15_Process	152	static
../Core/Src/main.c:1667:6:ProcessArchiveTransmission	216	static
../Core/Src/main.c:1777:5:main	240	static
../Core/Src/main.c:2203:6:SystemClock_Config	88	static
../Core/Src/main.c:2250:13:MX_I2C1_Init	8	static
../Core/Src/main.c:2284:13:MX_TIM3_Init	32	static
../Core/Src/main.c:2329:13:MX_TIM10_Init	8	static
../Core/Src/main.c:2360:13:MX_TIM11_Init	8	static
../Core/Src/main.c:2391:13:MX_USART2_UART_Init	8	static
../Core/Src/main.c:2424:13:MX_GPIO_Init	48	static
../Core/Src/main.c:2460:6:HAL_UART_RxCpltCallback	16	static
../Core/Src/main.c:2476:6:HAL_UART_TxCpltCallback	16	static
../Core/Src/main.c:2488:6:HAL_TIM_PeriodElapsedCallback	16	static
../Core/Src/main.c:2527:6:HAL_I2C_MasterTxCpltCallback	16	static
../Core/Src/main.c:2542:6:HAL_I2C_MasterRxCpltCallback	16	static
../Core/Src/main.c:2551:6:HAL_I2C_ErrorCallback	16	static
../Core/Src/main.c:2568:6:Error_Handler	4	static,ignoring_inline_asm
