../Core/Src/main.c:310:5:CALC_B64_LEN	16	static
../Core/Src/main.c:315:5:ArchBufferOccupied	16	static
../Core/Src/main.c:331:5:ArchPutData	40	static
../Core/Src/main.c:370:5:ArchGetData	16	static
../Core/Src/main.c:390:5:ArchGetDataAtIndex	32	static
../Core/Src/main.c:419:5:PutQueueRequest	24	static
../Core/Src/main.c:445:5:GetQueueRequest	16	static
../Core/Src/main.c:473:5:CircularBufferPutChar	24	static
../Core/Src/main.c:507:5:CircularBufferGetChar	16	static
../Core/Src/main.c:535:5:CircularBufferHasData	16	static
../Core/Src/main.c:558:5:CircularBufferOccupied	16	static
../Core/Src/main.c:566:5:CircularBufferOccupiedRequestArch	16	static
../Core/Src/main.c:608:6:Base64Encode	96	static
../Core/Src/main.c:713:10:ComputeCRC16	24	static
../Core/Src/main.c:774:6:ClearAndResetState	16	static
../Core/Src/main.c:795:6:HexToAscii	32	static
../Core/Src/main.c:809:5:CheckCommandChar	24	static
../Core/Src/main.c:820:6:ProcessTxBuffer	16	static,ignoring_inline_asm
../Core/Src/main.c:867:5:my_isxdigit	16	static
../Core/Src/main.c:882:5:my_isalnum	16	static
../Core/Src/main.c:898:5:QueueFrameForSending	152	static
../Core/Src/main.c:977:5:Base64Decode	448	static
../Core/Src/main.c:1318:6:SimulateSensorResponse	216	static
../Core/Src/main.c:1489:9:my_toupper	16	static
../Core/Src/main.c:1500:6:AHT15_Process	136	static
../Core/Src/main.c:1709:6:ProcessArchiveTransmission	192	static
../Core/Src/main.c:1820:5:main	240	static
../Core/Src/main.c:2246:6:SystemClock_Config	88	static
../Core/Src/main.c:2293:13:MX_I2C1_Init	8	static
../Core/Src/main.c:2327:13:MX_TIM3_Init	32	static
../Core/Src/main.c:2372:13:MX_TIM10_Init	8	static
../Core/Src/main.c:2403:13:MX_TIM11_Init	8	static
../Core/Src/main.c:2434:13:MX_USART2_UART_Init	8	static
../Core/Src/main.c:2467:13:MX_GPIO_Init	48	static
../Core/Src/main.c:2503:6:HAL_UART_RxCpltCallback	16	static
../Core/Src/main.c:2519:6:HAL_UART_TxCpltCallback	16	static
../Core/Src/main.c:2531:6:HAL_TIM_PeriodElapsedCallback	16	static
../Core/Src/main.c:2573:6:HAL_I2C_MasterTxCpltCallback	16	static
../Core/Src/main.c:2588:6:HAL_I2C_MasterRxCpltCallback	16	static
../Core/Src/main.c:2597:6:HAL_I2C_ErrorCallback	16	static
../Core/Src/main.c:2614:6:Error_Handler	4	static,ignoring_inline_asm
