../Core/Src/main.c:297:5:CALC_B64_LEN	16	static
../Core/Src/main.c:302:5:ArchBufferOccupied	16	static
../Core/Src/main.c:318:5:ArchPutData	40	static
../Core/Src/main.c:350:5:ArchGetData	16	static
../Core/Src/main.c:370:5:ArchGetDataAtIndex	32	static
../Core/Src/main.c:399:5:PutQueueRequest	24	static
../Core/Src/main.c:425:5:GetQueueRequest	16	static
../Core/Src/main.c:453:5:CircularBufferPutChar	24	static
../Core/Src/main.c:487:5:CircularBufferGetChar	16	static
../Core/Src/main.c:515:5:CircularBufferHasData	16	static
../Core/Src/main.c:538:5:CircularBufferOccupied	16	static
../Core/Src/main.c:546:5:CircularBufferOccupiedRequestArch	16	static
../Core/Src/main.c:588:6:Base64Encode	96	static
../Core/Src/main.c:693:10:ComputeCRC16	24	static
../Core/Src/main.c:754:6:ClearAndResetState	16	static
../Core/Src/main.c:775:6:HexToAscii	32	static
../Core/Src/main.c:789:5:CheckCommandChar	24	static
../Core/Src/main.c:800:6:ProcessTxBuffer	16	static,ignoring_inline_asm
../Core/Src/main.c:847:5:my_isxdigit	16	static
../Core/Src/main.c:862:5:my_isalnum	16	static
../Core/Src/main.c:878:5:QueueFrameForSending	152	static
../Core/Src/main.c:957:5:Base64Decode	448	static
../Core/Src/main.c:1298:6:SimulateSensorResponse	208	static
../Core/Src/main.c:1469:9:my_toupper	16	static
../Core/Src/main.c:1480:6:AHT15_Process	152	static
../Core/Src/main.c:1630:6:ProcessArchiveTransmission	216	static
../Core/Src/main.c:1740:5:main	240	static
../Core/Src/main.c:2166:6:SystemClock_Config	88	static
../Core/Src/main.c:2213:13:MX_I2C1_Init	8	static
../Core/Src/main.c:2247:13:MX_TIM3_Init	32	static
../Core/Src/main.c:2292:13:MX_TIM10_Init	8	static
../Core/Src/main.c:2323:13:MX_TIM11_Init	8	static
../Core/Src/main.c:2354:13:MX_USART2_UART_Init	8	static
../Core/Src/main.c:2387:13:MX_GPIO_Init	48	static
../Core/Src/main.c:2423:6:HAL_UART_RxCpltCallback	16	static
../Core/Src/main.c:2439:6:HAL_UART_TxCpltCallback	16	static
../Core/Src/main.c:2451:6:HAL_TIM_PeriodElapsedCallback	16	static
../Core/Src/main.c:2486:6:HAL_I2C_MasterTxCpltCallback	16	static
../Core/Src/main.c:2499:6:HAL_I2C_MasterRxCpltCallback	16	static
../Core/Src/main.c:2508:6:HAL_I2C_ErrorCallback	16	static
../Core/Src/main.c:2525:6:Error_Handler	4	static,ignoring_inline_asm
